-------------------------------------------------------------------------------
      name:  <unnamed>
       log:  /gpfs/loomis/home.grace/jkj32/entry/Data/Simulation/code/../output
> /analysis.log
  log type:  text
 opened on:  13 Jan 2021, 18:39:28

. 
. import delimited using ../temp/data.csv, clear
(9 vars, 100 obs)

. rename v1 t

. rename v2 m 

. rename v3 n

. rename v4 w

. rename v5 r

. rename v6 x

. rename v7 l

. rename v8 k

. rename v9 pq 

. save ../temp/raw.dta, replace
(note: file ../temp/raw.dta not found)
file ../temp/raw.dta saved

. 
. collapse (first) n, by(t m)

. bysort t: egen n_rank = rank(-n), unique 

. sort t n_rank

. list

     +---------------------+
     |  t   m   n   n_rank |
     |---------------------|
  1. |  1   3   3        1 |
  2. |  1   5   2        2 |
  3. |  1   2   2        3 |
  4. |  1   4   2        4 |
  5. |  1   6   1        5 |
     |---------------------|
  6. |  2   3   3        1 |
  7. |  2   2   2        2 |
  8. |  2   4   2        3 |
  9. |  2   1   1        4 |
 10. |  2   6   1        5 |
     |---------------------|
 11. |  2   5   1        6 |
 12. |  3   4   4        1 |
 13. |  3   6   3        2 |
 14. |  3   1   2        3 |
 15. |  3   5   1        4 |
     |---------------------|
 16. |  4   4   3        1 |
 17. |  4   1   3        2 |
 18. |  4   2   2        3 |
 19. |  4   5   1        4 |
 20. |  4   6   1        5 |
     |---------------------|
 21. |  5   3   7        1 |
 22. |  5   4   2        2 |
 23. |  5   1   1        3 |
 24. |  6   2   4        1 |
 25. |  6   1   2        2 |
     |---------------------|
 26. |  6   6   2        3 |
 27. |  6   4   1        4 |
 28. |  6   3   1        5 |
 29. |  7   2   4        1 |
 30. |  7   3   2        2 |
     |---------------------|
 31. |  7   6   1        3 |
 32. |  7   5   1        4 |
 33. |  7   4   1        5 |
 34. |  7   1   1        6 |
 35. |  8   5   3        1 |
     |---------------------|
 36. |  8   1   2        2 |
 37. |  8   2   2        3 |
 38. |  8   3   1        4 |
 39. |  8   6   1        5 |
 40. |  8   4   1        6 |
     |---------------------|
 41. |  9   4   7        1 |
 42. |  9   3   2        2 |
 43. |  9   5   1        3 |
 44. | 10   2   3        1 |
 45. | 10   1   2        2 |
     |---------------------|
 46. | 10   5   2        3 |
 47. | 10   3   2        4 |
 48. | 10   4   1        5 |
     +---------------------+

. save ../temp/mt.dta, replace
(note: file ../temp/mt.dta not found)
file ../temp/mt.dta saved

. 
. use ../temp/raw.dta, clear

. merge m:1 m t using ../temp/mt.dta, assert(3) nogen

    Result                           # of obs.
    -----------------------------------------
    not matched                             0
    matched                               100  
    -----------------------------------------

. drop m 

. order t n_rank n w r x l k pq

. sort t n_rank

. export delimited using ../output/data.csv, replace novar delim(",")
(note: file ../output/data.csv not found)
file ../output/data.csv saved

. 
. log close
      name:  <unnamed>
       log:  /gpfs/loomis/home.grace/jkj32/entry/Data/Simulation/code/../output
> /analysis.log
  log type:  text
 closed on:  13 Jan 2021, 18:39:30
-------------------------------------------------------------------------------
