-------------------------------------------------------------------------------
      name:  <unnamed>
       log:  /gpfs/loomis/home.grace/jkj32/entry/Data/Simulation/code/../output
> /analysis.log
  log type:  text
 opened on:  23 Jan 2021, 18:17:36

. 
. import delimited using ../temp/data.csv, clear
(9 vars, 108 obs)

. rename v1 t

. rename v2 m 

. rename v3 n

. rename v4 w

. rename v5 r

. rename v6 x

. rename v7 l

. rename v8 k

. rename v9 pq 

. save ../temp/raw.dta, replace
(note: file ../temp/raw.dta not found)
file ../temp/raw.dta saved

. 
. collapse (first) n, by(t m)

. bysort t: egen n_rank = rank(-n), unique 

. sort t n_rank

. list

     +---------------------+
     |  t   m   n   n_rank |
     |---------------------|
  1. |  1   2   4        1 |
  2. |  1   4   3        2 |
  3. |  1   6   1        3 |
  4. |  1   3   1        4 |
  5. |  1   5   1        5 |
     |---------------------|
  6. |  1   1   0        6 |
  7. |  2   4   3        1 |
  8. |  2   5   2        2 |
  9. |  2   6   2        3 |
 10. |  2   2   2        4 |
     |---------------------|
 11. |  2   1   1        5 |
 12. |  2   3   0        6 |
 13. |  3   5   4        1 |
 14. |  3   6   3        2 |
 15. |  3   2   2        3 |
     |---------------------|
 16. |  3   1   1        4 |
 17. |  3   4   0        5 |
 18. |  3   3   0        6 |
 19. |  4   5   5        1 |
 20. |  4   3   2        2 |
     |---------------------|
 21. |  4   6   1        3 |
 22. |  4   4   1        4 |
 23. |  4   1   1        5 |
 24. |  4   2   0        6 |
 25. |  5   1   4        1 |
     |---------------------|
 26. |  5   5   2        2 |
 27. |  5   2   2        3 |
 28. |  5   3   1        4 |
 29. |  5   4   1        5 |
 30. |  5   6   0        6 |
     |---------------------|
 31. |  6   1   3        1 |
 32. |  6   3   2        2 |
 33. |  6   5   2        3 |
 34. |  6   2   1        4 |
 35. |  6   6   1        5 |
     |---------------------|
 36. |  6   4   1        6 |
 37. |  7   5   3        1 |
 38. |  7   2   2        2 |
 39. |  7   4   2        3 |
 40. |  7   6   1        4 |
     |---------------------|
 41. |  7   1   1        5 |
 42. |  7   3   1        6 |
 43. |  8   6   3        1 |
 44. |  8   4   2        2 |
 45. |  8   1   2        3 |
     |---------------------|
 46. |  8   5   1        4 |
 47. |  8   3   1        5 |
 48. |  8   2   1        6 |
 49. |  9   2   4        1 |
 50. |  9   1   2        2 |
     |---------------------|
 51. |  9   3   2        3 |
 52. |  9   4   1        4 |
 53. |  9   5   1        5 |
 54. |  9   6   0        6 |
 55. | 10   3   3        1 |
     |---------------------|
 56. | 10   4   2        2 |
 57. | 10   5   2        3 |
 58. | 10   1   2        4 |
 59. | 10   6   1        5 |
 60. | 10   2   0        6 |
     +---------------------+

. save ../temp/mt.dta, replace
(note: file ../temp/mt.dta not found)
file ../temp/mt.dta saved

. 
. use ../temp/raw.dta, clear

. merge m:1 m t using ../temp/mt.dta, assert(3) nogen

    Result                           # of obs.
    -----------------------------------------
    not matched                             0
    matched                               108  
    -----------------------------------------

. drop m 

. order t n_rank n w r x l k pq

. sort t n_rank

. export delimited using ../output/data.csv, replace novar delim(",")
(note: file ../output/data.csv not found)
file ../output/data.csv saved

. 
. log close
      name:  <unnamed>
       log:  /gpfs/loomis/home.grace/jkj32/entry/Data/Simulation/code/../output
> /analysis.log
  log type:  text
 closed on:  23 Jan 2021, 18:17:42
-------------------------------------------------------------------------------
