-------------------------------------------------------------------------------
      name:  <unnamed>
       log:  /gpfs/loomis/home.grace/jkj32/entry/Data/Simulation/code/../output
> /analysis.log
  log type:  text
 opened on:  11 Jan 2021, 11:43:17

. 
. import delimited using ../temp/data.csv, clear
(9 vars, 150 obs)

. rename v1 t

. rename v2 m 

. rename v3 n

. rename v4 w

. rename v5 r

. rename v6 x

. rename v7 l

. rename v8 k

. rename v9 pq 

. save ../temp/raw.dta, replace
(note: file ../temp/raw.dta not found)
file ../temp/raw.dta saved

. 
. collapse (first) n, by(t m)

. bysort t: egen n_rank = rank(-n), unique 

. sort t n_rank

. list

     +---------------------+
     | t    m   n   n_rank |
     |---------------------|
  1. | 1   10   9        1 |
  2. | 1    4   4        2 |
  3. | 1    7   4        3 |
  4. | 1    8   3        4 |
  5. | 1    3   2        5 |
     |---------------------|
  6. | 1    9   2        6 |
  7. | 1    5   2        7 |
  8. | 1    6   2        8 |
  9. | 1    1   1        9 |
 10. | 1    2   1       10 |
     |---------------------|
 11. | 2    9   8        1 |
 12. | 2    7   6        2 |
 13. | 2    2   5        3 |
 14. | 2    4   4        4 |
 15. | 2   10   2        5 |
     |---------------------|
 16. | 2    1   2        6 |
 17. | 2    5   1        7 |
 18. | 2    8   1        8 |
 19. | 2    6   1        9 |
 20. | 3    6   5        1 |
     |---------------------|
 21. | 3    9   5        2 |
 22. | 3    3   5        3 |
 23. | 3   10   4        4 |
 24. | 3    5   3        5 |
 25. | 3    7   3        6 |
     |---------------------|
 26. | 3    2   2        7 |
 27. | 3    8   2        8 |
 28. | 3    4   1        9 |
 29. | 4    3   8        1 |
 30. | 4    5   7        2 |
     |---------------------|
 31. | 4    9   4        3 |
 32. | 4    7   3        4 |
 33. | 4    1   2        5 |
 34. | 4   10   2        6 |
 35. | 4    4   2        7 |
     |---------------------|
 36. | 4    6   2        8 |
 37. | 5    4   6        1 |
 38. | 5    2   5        2 |
 39. | 5    8   4        3 |
 40. | 5    3   4        4 |
     |---------------------|
 41. | 5   10   4        5 |
 42. | 5    5   2        6 |
 43. | 5    7   2        7 |
 44. | 5    9   1        8 |
 45. | 5    6   1        9 |
     |---------------------|
 46. | 5    1   1       10 |
     +---------------------+

. save ../temp/mt.dta, replace
(note: file ../temp/mt.dta not found)
file ../temp/mt.dta saved

. 
. use ../temp/raw.dta, clear

. merge m:1 m t using ../temp/mt.dta, assert(3) nogen

    Result                           # of obs.
    -----------------------------------------
    not matched                             0
    matched                               150  
    -----------------------------------------

. drop m 

. order t n_rank n w r x l k pq

. sort t n_rank

. export delimited using ../output/data.csv, replace novar delim(",")
(note: file ../output/data.csv not found)
file ../output/data.csv saved

. 
. log close
      name:  <unnamed>
       log:  /gpfs/loomis/home.grace/jkj32/entry/Data/Simulation/code/../output
> /analysis.log
  log type:  text
 closed on:  11 Jan 2021, 11:43:18
-------------------------------------------------------------------------------
