-------------------------------------------------------------------------------
      name:  <unnamed>
       log:  /gpfs/loomis/home.grace/jkj32/entry/Data/code/../output/analysis.l
> og
  log type:  text
 opened on:   1 Jan 2021, 20:15:02

. 
. import delimited using ../temp/data.csv, clear
(9 vars, 127 obs)

. rename v1 t

. rename v2 m 

. rename v3 n

. rename v4 w

. rename v5 r

. rename v6 x

. rename v7 l

. rename v8 k

. rename v9 pq 

. save ../temp/raw.dta, replace
(note: file ../temp/raw.dta not found)
file ../temp/raw.dta saved

. 
. collapse (first) n, by(t m)

. bysort t: egen n_rank = rank(-n), unique 

. sort t n_rank

. list

     +---------------------+
     | t   m    n   n_rank |
     |---------------------|
  1. | 1   6    8        1 |
  2. | 1   2    6        2 |
  3. | 1   3    4        3 |
  4. | 1   4    4        4 |
  5. | 1   5    4        5 |
     |---------------------|
  6. | 1   1    4        6 |
  7. | 2   1    5        1 |
  8. | 2   3    1        2 |
  9. | 2   4    1        3 |
 10. | 3   1    7        1 |
     |---------------------|
 11. | 3   4    5        2 |
 12. | 3   6    5        3 |
 13. | 3   3    5        4 |
 14. | 3   2    4        5 |
 15. | 3   5    4        6 |
     |---------------------|
 16. | 4   1    7        1 |
 17. | 4   6    6        2 |
 18. | 4   2    5        3 |
 19. | 4   5    5        4 |
 20. | 4   3    4        5 |
     |---------------------|
 21. | 4   4    3        6 |
 22. | 5   5   10        1 |
 23. | 5   1    7        2 |
 24. | 5   6    6        3 |
 25. | 5   2    3        4 |
     |---------------------|
 26. | 5   3    3        5 |
 27. | 5   4    1        6 |
     +---------------------+

. save ../temp/mt.dta, replace
(note: file ../temp/mt.dta not found)
file ../temp/mt.dta saved

. 
. use ../temp/raw.dta, clear

. merge m:1 m t using ../temp/mt.dta, assert(3) nogen

    Result                           # of obs.
    -----------------------------------------
    not matched                             0
    matched                               127  
    -----------------------------------------

. drop m 

. order t n_rank n w r x l k pq

. sort t n_rank

. export delimited using ../output/data.csv, replace novar delim(",")
(note: file ../output/data.csv not found)
file ../output/data.csv saved

. 
. log close
      name:  <unnamed>
       log:  /gpfs/loomis/home.grace/jkj32/entry/Data/code/../output/analysis.l
> og
  log type:  text
 closed on:   1 Jan 2021, 20:15:03
-------------------------------------------------------------------------------
